// Jest Snapshot v1, https://goo.gl/fbAQLP

exports[`<ServiceSection /> has valid snapshot 1`] = `
<DocumentFragment>
  <section
    class="MuiBox-root css-0"
  >
    <div
      class="MuiContainer-root MuiContainer-maxWidthLg LabSection-container css-1"
    >
      <h2
        class="MuiTypography-root MuiTypography-h2 MuiTypography-alignCenter MuiTypography-gutterBottom css-2"
      >
        title
      </h2>
      <div
        class="MuiGrid-root MuiGrid-container MuiGrid-spacing-xs-5 css-3"
      >
        <div
          class="MuiGrid-root MuiGrid-item MuiGrid-grid-xs-12 MuiGrid-grid-md-6 css-4"
        >
          <p
            class="MuiTypography-root MuiTypography-body-sm css-5"
          >
            description.0
          </p>
        </div>
        <div
          class="MuiGrid-root MuiGrid-item MuiGrid-grid-xs-12 MuiGrid-grid-md-6 css-4"
        >
          <p
            class="MuiTypography-root MuiTypography-body-sm css-5"
          >
            description.0
          </p>
        </div>
      </div>
      <div
        class="MuiGrid-root MuiGrid-container MuiGrid-spacing-xs-6 css-8"
      >
        <div
          class="MuiGrid-root MuiGrid-item MuiGrid-grid-xs-12 MuiGrid-grid-md-4 css-9"
        >
          <div
            class="MuiPaper-root MuiPaper-elevation MuiPaper-elevation1 LabServiceCard-root css-10"
          >
            <a
              class="MuiTypography-root MuiTypography-inherit MuiLink-root MuiLink-underlineNone MuiButton-root MuiButton-text MuiButton-textPrimary MuiButton-sizeMedium MuiButton-textSizeMedium MuiButton-disableElevation MuiButton-fullWidth MuiButtonBase-root css-11"
              href="/service"
              tabindex="0"
            >
              items.0.title
              <span
                class="MuiButton-endIcon MuiButton-iconSizeMedium css-12"
              >
                <svg
                  aria-hidden="true"
                  class="MuiSvgIcon-root MuiSvgIcon-fontSizeMedium css-13"
                  data-testid="ArrowForwardRoundedIcon"
                  focusable="false"
                  viewBox="0 0 24 24"
                >
                  <path
                    d="M5 13h11.17l-4.88 4.88c-.39.39-.39 1.03 0 1.42.39.39 1.02.39 1.41 0l6.59-6.59c.39-.39.39-1.02 0-1.41l-6.58-6.6a.9959.9959 0 0 0-1.41 0c-.39.39-.39 1.02 0 1.41L16.17 11H5c-.55 0-1 .45-1 1s.45 1 1 1z"
                  />
                </svg>
              </span>
              <span
                class="MuiTouchRipple-root css-14"
              />
            </a>
            <div
              class="LabServiceCard-content"
            >
              <div
                class="Lab-divider"
              />
              <p
                class="MuiTypography-root MuiTypography-body-sm css-5"
              >
                items.0.description
              </p>
            </div>
          </div>
        </div>
        <div
          class="MuiGrid-root MuiGrid-item MuiGrid-grid-xs-12 MuiGrid-grid-md-4 css-9"
        >
          <div
            class="MuiPaper-root MuiPaper-elevation MuiPaper-elevation1 LabServiceCard-root css-10"
          >
            <a
              class="MuiTypography-root MuiTypography-inherit MuiLink-root MuiLink-underlineNone MuiButton-root MuiButton-text MuiButton-textPrimary MuiButton-sizeMedium MuiButton-textSizeMedium MuiButton-disableElevation MuiButton-fullWidth MuiButtonBase-root css-11"
              href="/service"
              tabindex="0"
            >
              items.1.title
              <span
                class="MuiButton-endIcon MuiButton-iconSizeMedium css-12"
              >
                <svg
                  aria-hidden="true"
                  class="MuiSvgIcon-root MuiSvgIcon-fontSizeMedium css-13"
                  data-testid="ArrowForwardRoundedIcon"
                  focusable="false"
                  viewBox="0 0 24 24"
                >
                  <path
                    d="M5 13h11.17l-4.88 4.88c-.39.39-.39 1.03 0 1.42.39.39 1.02.39 1.41 0l6.59-6.59c.39-.39.39-1.02 0-1.41l-6.58-6.6a.9959.9959 0 0 0-1.41 0c-.39.39-.39 1.02 0 1.41L16.17 11H5c-.55 0-1 .45-1 1s.45 1 1 1z"
                  />
                </svg>
              </span>
              <span
                class="MuiTouchRipple-root css-14"
              />
            </a>
            <div
              class="LabServiceCard-content"
            >
              <div
                class="Lab-divider"
              />
              <p
                class="MuiTypography-root MuiTypography-body-sm css-5"
              >
                items.1.description
              </p>
            </div>
          </div>
        </div>
        <div
          class="MuiGrid-root MuiGrid-item MuiGrid-grid-xs-12 MuiGrid-grid-md-4 css-9"
        >
          <div
            class="MuiPaper-root MuiPaper-elevation MuiPaper-elevation1 LabServiceCard-root css-10"
          >
            <a
              class="MuiTypography-root MuiTypography-inherit MuiLink-root MuiLink-underlineNone MuiButton-root MuiButton-text MuiButton-textPrimary MuiButton-sizeMedium MuiButton-textSizeMedium MuiButton-disableElevation MuiButton-fullWidth MuiButtonBase-root css-11"
              href="/service"
              tabindex="0"
            >
              items.2.title
              <span
                class="MuiButton-endIcon MuiButton-iconSizeMedium css-12"
              >
                <svg
                  aria-hidden="true"
                  class="MuiSvgIcon-root MuiSvgIcon-fontSizeMedium css-13"
                  data-testid="ArrowForwardRoundedIcon"
                  focusable="false"
                  viewBox="0 0 24 24"
                >
                  <path
                    d="M5 13h11.17l-4.88 4.88c-.39.39-.39 1.03 0 1.42.39.39 1.02.39 1.41 0l6.59-6.59c.39-.39.39-1.02 0-1.41l-6.58-6.6a.9959.9959 0 0 0-1.41 0c-.39.39-.39 1.02 0 1.41L16.17 11H5c-.55 0-1 .45-1 1s.45 1 1 1z"
                  />
                </svg>
              </span>
              <span
                class="MuiTouchRipple-root css-14"
              />
            </a>
            <div
              class="LabServiceCard-content"
            >
              <div
                class="Lab-divider"
              />
              <p
                class="MuiTypography-root MuiTypography-body-sm css-5"
              >
                items.2.description
              </p>
            </div>
          </div>
        </div>
      </div>
    </div>
  </section>
</DocumentFragment>
`;
