// Jest Snapshot v1, https://goo.gl/fbAQLP

exports[`<ValueSection /> has valid snapshot 1`] = `
<DocumentFragment>
  <section
    class="MuiBox-root css-0"
  >
    <div
      class="MuiContainer-root MuiContainer-maxWidthLg LabSection-container css-1"
    >
      <div
        class="MuiGrid-root MuiGrid-container MuiGrid-spacing-xs-undefined css-2"
      >
        <div
          class="MuiGrid-root MuiGrid-item MuiGrid-grid-xs-12 MuiGrid-grid-md-4 css-3"
        >
          <h2
            class="MuiTypography-root MuiTypography-body-xs LabValueSection-pretitle css-4"
          >
            pretitle
          </h2>
        </div>
        <div
          class="MuiGrid-root MuiGrid-item MuiGrid-grid-xs-12 MuiGrid-grid-md-8 css-5"
        >
          <h3
            class="MuiTypography-root MuiTypography-h2 css-6"
          >
            title
          </h3>
        </div>
        <div
          class="MuiGrid-root MuiGrid-item MuiGrid-grid-xs-12 MuiGrid-grid-md-4 css-3"
        />
        <div
          class="MuiGrid-root MuiGrid-item MuiGrid-grid-xs-12 MuiGrid-grid-md-8 css-5"
        >
          <div
            class="MuiGrid-root MuiGrid-container MuiGrid-spacing-xs-undefined css-9"
          >
            <div
              class="MuiGrid-root MuiGrid-item MuiGrid-grid-xs-12 MuiGrid-grid-md-6 css-10"
            >
              <div
                class="MuiPaper-root MuiPaper-elevation MuiPaper-elevation1 LabValueCard-root Lab-n1 css-11"
              >
                <h4
                  class="MuiTypography-root MuiTypography-h7 LabValueCard-pretitle css-12"
                >
                  items.0.pretitle
                </h4>
                <h5
                  class="MuiTypography-root MuiTypography-h2 LabValueCard-title css-13"
                >
                  items.0.title
                </h5>
                <p
                  class="MuiTypography-root MuiTypography-body-xs LabValueCard-description css-4"
                >
                  items.0.description
                </p>
              </div>
            </div>
            <div
              class="MuiGrid-root MuiGrid-item MuiGrid-grid-xs-12 MuiGrid-grid-md-6 css-10"
            >
              <div
                class="MuiPaper-root MuiPaper-elevation MuiPaper-elevation1 LabValueCard-root Lab-n2 css-11"
              >
                <h4
                  class="MuiTypography-root MuiTypography-h7 LabValueCard-pretitle css-12"
                >
                  items.1.pretitle
                </h4>
                <h5
                  class="MuiTypography-root MuiTypography-h2 LabValueCard-title css-13"
                >
                  items.1.title
                </h5>
                <p
                  class="MuiTypography-root MuiTypography-body-xs LabValueCard-description css-4"
                >
                  items.1.description
                </p>
              </div>
            </div>
            <div
              class="MuiGrid-root MuiGrid-item MuiGrid-grid-xs-12 MuiGrid-grid-md-6 css-10"
            >
              <div
                class="MuiPaper-root MuiPaper-elevation MuiPaper-elevation1 LabValueCard-root Lab-n3 css-11"
              >
                <h4
                  class="MuiTypography-root MuiTypography-h7 LabValueCard-pretitle css-12"
                >
                  items.2.pretitle
                </h4>
                <h5
                  class="MuiTypography-root MuiTypography-h2 LabValueCard-title css-13"
                >
                  items.2.title
                </h5>
                <p
                  class="MuiTypography-root MuiTypography-body-xs LabValueCard-description css-4"
                >
                  items.2.description
                </p>
              </div>
            </div>
            <div
              class="MuiGrid-root MuiGrid-item MuiGrid-grid-xs-12 MuiGrid-grid-md-6 css-10"
            >
              <div
                class="MuiPaper-root MuiPaper-elevation MuiPaper-elevation1 LabValueCard-root Lab-n4 css-11"
              >
                <h4
                  class="MuiTypography-root MuiTypography-h7 LabValueCard-pretitle css-12"
                >
                  items.3.pretitle
                </h4>
                <h5
                  class="MuiTypography-root MuiTypography-h2 LabValueCard-title css-13"
                >
                  items.3.title
                </h5>
                <p
                  class="MuiTypography-root MuiTypography-body-xs LabValueCard-description css-4"
                >
                  items.3.description
                </p>
              </div>
            </div>
          </div>
        </div>
        <div
          class="MuiGrid-root MuiGrid-item MuiGrid-grid-xs-12 css-30"
        >
          <div
            class="LabValueSection-image"
          >
            {"src":"/images/pages/about/value.jpg","alt":"","width":1180,"height":657,"objectFit":"cover","placeholder":"blur","blurDataURL":"/images/placeholder.svg"}
          </div>
        </div>
      </div>
    </div>
  </section>
</DocumentFragment>
`;
