// Jest Snapshot v1, https://goo.gl/fbAQLP

exports[`<Seo /> has valid snapshot 1`] = `<DocumentFragment />`;
