// Jest Snapshot v1, https://goo.gl/fbAQLP

exports[`<Header /> has valid snapshot 1`] = `
<DocumentFragment>
  <header
    class="MuiPaper-root MuiPaper-elevation MuiPaper-elevation0 MuiAppBar-root MuiAppBar-colorTransparent MuiAppBar-positionFixed  mui-fixed css-0"
  >
    <div
      class="MuiToolbar-root MuiToolbar-regular css-1"
    >
      <div
        class="MuiContainer-root MuiContainer-maxWidthLg LabHeader-container css-2"
      >
        <a
          class="MuiTypography-root MuiTypography-inherit MuiLink-root MuiLink-underlineNone MuiBox-root active css-3"
          href="/"
        >
          {"src":"test-file-stub","alt":"","placeholder":"empty"}
        </a>
        <div
          class="PrivateHiddenCss-root PrivateHiddenCss-mdDown css-4"
        >
          <div
            class="LabHeader-middle"
          >
            <ul
              class="css-5"
            >
              <li>
                <a
                  class="MuiTypography-root MuiTypography-inherit MuiLink-root MuiLink-underlineNone MuiTypography-root MuiTypography-body css-6"
                  href="/#platform"
                >
                  <span>
                    menu.platform.title
                  </span>
                </a>
              </li>
              <li>
                <a
                  class="MuiTypography-root MuiTypography-inherit MuiLink-root MuiLink-underlineNone MuiTypography-root MuiTypography-body css-6"
                  href="/#faqs"
                >
                  <span>
                    menu.faqs.title
                  </span>
                </a>
              </li>
              <li>
                <a
                  class="MuiTypography-root MuiTypography-inherit MuiLink-root MuiLink-underlineNone MuiTypography-root MuiTypography-body css-6"
                  href="/#contact"
                >
                  <span>
                    menu.contact.title
                  </span>
                </a>
              </li>
            </ul>
          </div>
        </div>
        <div
          class="LabHeader-right"
        >
          <div
            class="PrivateHiddenCss-root PrivateHiddenCss-mdDown css-4"
          >
            <button
              class="MuiButton-root MuiButton-outlined MuiButton-outlinedPrimary MuiButton-sizeSmall MuiButton-outlinedSizeSmall MuiButton-disableElevation MuiButtonBase-root LabHeader-signin css-10"
              tabindex="0"
              type="button"
            >
              header.signin
              <span
                class="MuiTouchRipple-root css-11"
              />
            </button>
          </div>
          <div
            class="PrivateHiddenCss-root PrivateHiddenCss-mdUp css-12"
          >
            <button
              aria-label="header.toggle-menu"
              class="MuiButtonBase-root MuiIconButton-root MuiIconButton-sizeMedium css-13"
              tabindex="0"
              type="button"
            >
              <svg
                aria-hidden="true"
                class="MuiSvgIcon-root MuiSvgIcon-fontSizeLarge css-14"
                data-testid="MenuIcon"
                focusable="false"
                viewBox="0 0 24 24"
              >
                <path
                  d="M3 18h18v-2H3v2zm0-5h18v-2H3v2zm0-7v2h18V6H3z"
                />
              </svg>
              <span
                class="MuiTouchRipple-root css-11"
              />
            </button>
          </div>
        </div>
      </div>
    </div>
  </header>
  <div
    class="PrivateSwipeArea-root css-0"
    style="width: 20px;"
  />
</DocumentFragment>
`;
