// Jest Snapshot v1, https://goo.gl/fbAQLP

exports[`<BlogSection /> has valid snapshot 1`] = `
<DocumentFragment>
  <section
    class="MuiBox-root css-0"
  >
    <div
      class="MuiContainer-root MuiContainer-maxWidthLg LabSection-container css-1"
    >
      <h2
        class="MuiTypography-root MuiTypography-h2 MuiTypography-alignCenter css-2"
      >
        title
      </h2>
      <div
        class="MuiGrid-root MuiGrid-container MuiGrid-spacing-xs-8 css-3"
      >
        <div
          class="MuiGrid-root MuiGrid-item MuiGrid-grid-xs-12 MuiGrid-grid-md-4 css-4"
        >
          <div
            class="MuiPaper-root MuiPaper-elevation MuiPaper-elevation1 LabBlogCard-root css-5"
          >
            <div
              class="LabBlogCard-image"
            >
              {"src":"/images/pages/landing/blog/poster1.jpg","alt":"items.0.poster.alt","title":"items.0.poster.caption","width":374,"height":316,"objectFit":"cover","placeholder":"blur","blurDataURL":"/images/placeholder.svg"}
            </div>
            <h3
              class="MuiTypography-root MuiTypography-body LabBlogCard-pretitle css-6"
            >
              items.0.pretitle
            </h3>
            <h4
              class="MuiTypography-root MuiTypography-body LabBlogCard-title css-6"
            >
              items.0.title
            </h4>
            <a
              class="MuiTypography-root MuiTypography-inherit MuiLink-root MuiLink-underlineNone MuiButton-root MuiButton-text MuiButton-textPrimary MuiButton-sizeMedium MuiButton-textSizeMedium MuiButton-disableElevation MuiButton-fullWidth MuiButtonBase-root css-8"
              href="/blog1"
              tabindex="0"
            >
              common.read-more
              <span
                class="MuiButton-endIcon MuiButton-iconSizeMedium css-9"
              >
                <svg
                  aria-hidden="true"
                  class="MuiSvgIcon-root MuiSvgIcon-fontSizeMedium css-10"
                  data-testid="ArrowForwardRoundedIcon"
                  focusable="false"
                  viewBox="0 0 24 24"
                >
                  <path
                    d="M5 13h11.17l-4.88 4.88c-.39.39-.39 1.03 0 1.42.39.39 1.02.39 1.41 0l6.59-6.59c.39-.39.39-1.02 0-1.41l-6.58-6.6a.9959.9959 0 0 0-1.41 0c-.39.39-.39 1.02 0 1.41L16.17 11H5c-.55 0-1 .45-1 1s.45 1 1 1z"
                  />
                </svg>
              </span>
              <span
                class="MuiTouchRipple-root css-11"
              />
            </a>
          </div>
        </div>
        <div
          class="MuiGrid-root MuiGrid-item MuiGrid-grid-xs-12 MuiGrid-grid-md-4 css-4"
        >
          <div
            class="MuiPaper-root MuiPaper-elevation MuiPaper-elevation1 LabBlogCard-root css-5"
          >
            <div
              class="LabBlogCard-image"
            >
              {"src":"/images/pages/landing/blog/poster2.jpg","alt":"items.1.poster.alt","title":"items.1.poster.caption","width":374,"height":316,"objectFit":"cover","placeholder":"blur","blurDataURL":"/images/placeholder.svg"}
            </div>
            <h3
              class="MuiTypography-root MuiTypography-body LabBlogCard-pretitle css-6"
            >
              items.1.pretitle
            </h3>
            <h4
              class="MuiTypography-root MuiTypography-body LabBlogCard-title css-6"
            >
              items.1.title
            </h4>
            <a
              class="MuiTypography-root MuiTypography-inherit MuiLink-root MuiLink-underlineNone MuiButton-root MuiButton-text MuiButton-textPrimary MuiButton-sizeMedium MuiButton-textSizeMedium MuiButton-disableElevation MuiButton-fullWidth MuiButtonBase-root css-8"
              href="/blog2"
              tabindex="0"
            >
              common.read-more
              <span
                class="MuiButton-endIcon MuiButton-iconSizeMedium css-9"
              >
                <svg
                  aria-hidden="true"
                  class="MuiSvgIcon-root MuiSvgIcon-fontSizeMedium css-10"
                  data-testid="ArrowForwardRoundedIcon"
                  focusable="false"
                  viewBox="0 0 24 24"
                >
                  <path
                    d="M5 13h11.17l-4.88 4.88c-.39.39-.39 1.03 0 1.42.39.39 1.02.39 1.41 0l6.59-6.59c.39-.39.39-1.02 0-1.41l-6.58-6.6a.9959.9959 0 0 0-1.41 0c-.39.39-.39 1.02 0 1.41L16.17 11H5c-.55 0-1 .45-1 1s.45 1 1 1z"
                  />
                </svg>
              </span>
              <span
                class="MuiTouchRipple-root css-11"
              />
            </a>
          </div>
        </div>
        <div
          class="MuiGrid-root MuiGrid-item MuiGrid-grid-xs-12 MuiGrid-grid-md-4 css-4"
        >
          <div
            class="MuiPaper-root MuiPaper-elevation MuiPaper-elevation1 LabBlogCard-root css-5"
          >
            <div
              class="LabBlogCard-image"
            >
              {"src":"/images/pages/landing/blog/poster3.jpg","alt":"items.2.poster.alt","title":"items.2.poster.caption","width":374,"height":316,"objectFit":"cover","placeholder":"blur","blurDataURL":"/images/placeholder.svg"}
            </div>
            <h3
              class="MuiTypography-root MuiTypography-body LabBlogCard-pretitle css-6"
            >
              items.2.pretitle
            </h3>
            <h4
              class="MuiTypography-root MuiTypography-body LabBlogCard-title css-6"
            >
              items.2.title
            </h4>
            <a
              class="MuiTypography-root MuiTypography-inherit MuiLink-root MuiLink-underlineNone MuiButton-root MuiButton-text MuiButton-textPrimary MuiButton-sizeMedium MuiButton-textSizeMedium MuiButton-disableElevation MuiButton-fullWidth MuiButtonBase-root css-8"
              href="/blog3"
              tabindex="0"
            >
              common.read-more
              <span
                class="MuiButton-endIcon MuiButton-iconSizeMedium css-9"
              >
                <svg
                  aria-hidden="true"
                  class="MuiSvgIcon-root MuiSvgIcon-fontSizeMedium css-10"
                  data-testid="ArrowForwardRoundedIcon"
                  focusable="false"
                  viewBox="0 0 24 24"
                >
                  <path
                    d="M5 13h11.17l-4.88 4.88c-.39.39-.39 1.03 0 1.42.39.39 1.02.39 1.41 0l6.59-6.59c.39-.39.39-1.02 0-1.41l-6.58-6.6a.9959.9959 0 0 0-1.41 0c-.39.39-.39 1.02 0 1.41L16.17 11H5c-.55 0-1 .45-1 1s.45 1 1 1z"
                  />
                </svg>
              </span>
              <span
                class="MuiTouchRipple-root css-11"
              />
            </a>
          </div>
        </div>
      </div>
    </div>
  </section>
</DocumentFragment>
`;
