// Jest Snapshot v1, https://goo.gl/fbAQLP

exports[`<BenefitSection /> has valid snapshot 1`] = `
<DocumentFragment>
  <section
    class="MuiBox-root css-0"
  >
    <div
      class="MuiContainer-root MuiContainer-maxWidthLg LabSection-container css-1"
    >
      <div
        class="MuiGrid-root MuiGrid-container MuiGrid-spacing-xs-10 css-2"
      >
        <div
          class="MuiGrid-root MuiGrid-item MuiGrid-grid-xs-12 MuiGrid-grid-md-5 css-3"
        >
          <h2
            class="MuiTypography-root MuiTypography-body LabBenefitSection-pretitle css-4"
          >
            pretitle
          </h2>
          <h3
            class="MuiTypography-root MuiTypography-h2 css-5"
          >
            title
          </h3>
        </div>
        <div
          class="MuiGrid-root MuiGrid-item MuiGrid-grid-xs-12 MuiGrid-grid-md-7 css-6"
        >
          <div
            class="MuiGrid-root MuiGrid-container MuiGrid-spacing-xs-undefined css-7"
          >
            <div
              class="MuiGrid-root MuiGrid-item MuiGrid-grid-xs-12 MuiGrid-grid-md-6 css-8"
            >
              <div
                class="MuiPaper-root MuiPaper-elevation MuiPaper-elevation1 LabBenefitCard-root css-9"
              >
                <div
                  class="LabBenefitCard-image"
                >
                  {"src":"/images/pages/landing/benefit/benefit1.svg","alt":"","width":45,"height":45,"objectFit":"contain","placeholder":"blur","blurDataURL":"/images/placeholder.svg"}
                </div>
                <h4
                  class="MuiTypography-root MuiTypography-h5 LabBenefitCard-title css-10"
                >
                  items.0.title
                </h4>
                <p
                  class="MuiTypography-root MuiTypography-body-xs css-11"
                >
                  items.0.description
                </p>
              </div>
            </div>
            <div
              class="MuiGrid-root MuiGrid-item MuiGrid-grid-xs-12 MuiGrid-grid-md-6 css-8"
            >
              <div
                class="MuiPaper-root MuiPaper-elevation MuiPaper-elevation1 LabBenefitCard-root css-9"
              >
                <div
                  class="LabBenefitCard-image"
                >
                  {"src":"/images/pages/landing/benefit/benefit2.svg","alt":"","width":45,"height":45,"objectFit":"contain","placeholder":"blur","blurDataURL":"/images/placeholder.svg"}
                </div>
                <h4
                  class="MuiTypography-root MuiTypography-h5 LabBenefitCard-title css-10"
                >
                  items.1.title
                </h4>
                <p
                  class="MuiTypography-root MuiTypography-body-xs css-11"
                >
                  items.1.description
                </p>
              </div>
            </div>
            <div
              class="MuiGrid-root MuiGrid-item MuiGrid-grid-xs-12 MuiGrid-grid-md-6 css-8"
            >
              <div
                class="MuiPaper-root MuiPaper-elevation MuiPaper-elevation1 LabBenefitCard-root css-9"
              >
                <div
                  class="LabBenefitCard-image"
                >
                  {"src":"/images/pages/landing/benefit/benefit3.svg","alt":"","width":45,"height":45,"objectFit":"contain","placeholder":"blur","blurDataURL":"/images/placeholder.svg"}
                </div>
                <h4
                  class="MuiTypography-root MuiTypography-h5 LabBenefitCard-title css-10"
                >
                  items.2.title
                </h4>
                <p
                  class="MuiTypography-root MuiTypography-body-xs css-11"
                >
                  items.2.description
                </p>
              </div>
            </div>
            <div
              class="MuiGrid-root MuiGrid-item MuiGrid-grid-xs-12 MuiGrid-grid-md-6 css-8"
            >
              <div
                class="MuiPaper-root MuiPaper-elevation MuiPaper-elevation1 LabBenefitCard-root css-9"
              >
                <div
                  class="LabBenefitCard-image"
                >
                  {"src":"/images/pages/landing/benefit/benefit4.svg","alt":"","width":45,"height":45,"objectFit":"contain","placeholder":"blur","blurDataURL":"/images/placeholder.svg"}
                </div>
                <h4
                  class="MuiTypography-root MuiTypography-h5 LabBenefitCard-title css-10"
                >
                  items.3.title
                </h4>
                <p
                  class="MuiTypography-root MuiTypography-body-xs css-11"
                >
                  items.3.description
                </p>
              </div>
            </div>
          </div>
        </div>
      </div>
    </div>
  </section>
</DocumentFragment>
`;
