// Jest Snapshot v1, https://goo.gl/fbAQLP

exports[`<Logo /> has valid snapshot 1`] = `
<DocumentFragment>
  <div
    class="MuiBox-root css-0"
  >
    {"src":"test-file-stub","alt":"","placeholder":"empty"}
  </div>
</DocumentFragment>
`;
