// Jest Snapshot v1, https://goo.gl/fbAQLP

exports[`<Section /> has valid snapshot 1`] = `
<DocumentFragment>
  <section
    class="MuiBox-root css-0"
  >
    <div
      class="MuiContainer-root MuiContainer-maxWidthLg LabSection-container css-1"
    />
  </section>
</DocumentFragment>
`;
