// Jest Snapshot v1, https://goo.gl/fbAQLP

exports[`<HeroSection /> has valid snapshot 1`] = `
<DocumentFragment>
  <section
    class="MuiBox-root css-0"
  >
    <div
      class="MuiContainer-root MuiContainer-maxWidthLg LabSection-container css-1"
    >
      <h1
        class="MuiTypography-root MuiTypography-h1 css-2"
      >
        pretitle
      </h1>
      <h2
        class="MuiTypography-root MuiTypography-h2 css-3"
      >
        title
      </h2>
    </div>
  </section>
</DocumentFragment>
`;
