// Jest Snapshot v1, https://goo.gl/fbAQLP

exports[`<Link /> has valid snapshot 1`] = `
<DocumentFragment>
  <a
    class="MuiTypography-root MuiTypography-inherit MuiLink-root MuiLink-underlineNone active css-0"
    href="/"
  />
</DocumentFragment>
`;
